ΓÜí∩╕Å @cloudflare/next-on-pages CLI v.1.13.16
node.exe : 
At C:\Program Files\nod
ejs\npx.ps1:29 char:3
+   & $NODE_EXE 
$NPX_CLI_JS $args
+   ~~~~~~~~~~~~~~~~~~~
~~~~~~~~~~
    + CategoryInfo     
         : NotSpecifi  
  ed: (:String) [],    
 RemoteException
    + FullyQualifiedEr 
   rorId : NativeComm  
  andError
 
ΓÜí∩╕Å Warning: It 
seems like you're on a 
Windows system, the 
Vercel CLI (run by @clo
udflare/next-on-pages
ΓÜí∩╕Å to build your 
application) seems not 
to work reliably on 
Windows so if you 
experience issues 
during
ΓÜí∩╕Å the build 
process please try 
switching to a 
different operating 
system or running
ΓÜí∩╕Å @cloudflare/next
-on-pages under the 
Windows Subsystem for 
Linux

EXIT WHEN NOT EXPECTED

SHELLAC COMMAND FAILED!
Executing: npm --version in C:\Users\pabt2\Desktop\RCSB-Website-

STDOUT:



STDERR:



ΓÜí∩╕Å Unexpected 
error: {"cmd":"npm --ve
rsion","stdout":"","std
err":""}
